// Jest Snapshot v1, https://goo.gl/fbAQLP

exports[`ok 1`] = `
"# test

This is a \`code\`.
"
`;
